// Jest Snapshot v1, https://goo.gl/fbAQLP

exports[`Login page renders correctly 1`] = `
<div>
  <h1>
    Login
  </h1>
  <form
    autocomplete="off"
  >
    <label
      for="email"
    >
      Email
    </label>
    <input
      autocomplete="off"
      id="email"
      name="email"
      placeholder="email"
      type="email"
    />
    <label
      for="password"
    >
      Password
    </label>
    <input
      autocomplete="new-password"
      id="password"
      name="password"
      placeholder="password"
      type="password"
    />
    <input
      type="submit"
    />
  </form>
</div>
`;
